2026-01-16 00:29:54,304 - wordcloud.utils.font_utils - INFO - FontCache initialized
2026-01-16 00:29:54,304 - wordcloud.utils.text_processing - INFO - TextProcessor initialized: min_word_length=3, max_words=200, language=None, stemming=False, lemmatization=False, n_gram_range=None
2026-01-16 00:29:54,304 - Wordcloud - INFO - Wordcloud initialized: 800x500, strategy='random', max_words=200, performance_tracking=False
2026-01-16 00:29:54,304 - Wordcloud - INFO - Starting wordcloud generation
2026-01-16 00:29:54,304 - Wordcloud - INFO - Preparing text (length: 3967 characters)
2026-01-16 00:29:54,466 - Wordcloud - INFO - Prepared 192 words for wordcloud
2026-01-16 00:29:54,466 - Wordcloud - INFO - Finding positions for 192 words using strategy 'random'
2026-01-16 00:29:54,466 - wordcloud.utils.integral_image - INFO - IntegralImage initialized: 800x500, tracing=False, mask=none
2026-01-16 00:30:05,126 - Wordcloud - INFO - Could not place word 'adipiscing' even at min font size 14. Skipping.
2026-01-16 00:30:05,126 - Wordcloud - INFO - Could not place word 'morbi' even at min font size 14. Skipping.
2026-01-16 00:30:05,126 - Wordcloud - INFO - Could not place word 'tristique' even at min font size 14. Skipping.
2026-01-16 00:30:05,126 - Wordcloud - INFO - Could not place word 'rhoncus' even at min font size 14. Skipping.
2026-01-16 00:30:05,126 - Wordcloud - INFO - Could not place word 'vulputate' even at min font size 14. Skipping.
2026-01-16 00:30:05,126 - Wordcloud - INFO - Could not place word 'nibh' even at min font size 14. Skipping.
2026-01-16 00:30:05,126 - Wordcloud - INFO - Could not place word 'imperdiet' even at min font size 14. Skipping.
2026-01-16 00:30:05,126 - Wordcloud - INFO - Could not place word 'commodo' even at min font size 14. Skipping.
2026-01-16 00:30:05,126 - Wordcloud - INFO - Could not place word 'suspendisse' even at min font size 14. Skipping.
2026-01-16 00:30:05,126 - Wordcloud - INFO - Could not place word 'wisi' even at min font size 14. Skipping.
2026-01-16 00:30:05,126 - Wordcloud - INFO - Could not place word 'lobortis' even at min font size 14. Skipping.
2026-01-16 00:30:05,126 - Wordcloud - INFO - Could not place word 'posuere' even at min font size 14. Skipping.
2026-01-16 00:30:05,126 - Wordcloud - INFO - Could not place word 'gravida' even at min font size 14. Skipping.
2026-01-16 00:30:05,126 - Wordcloud - INFO - Could not place word 'perspiciatis' even at min font size 14. Skipping.
2026-01-16 00:30:05,126 - Wordcloud - INFO - Could not place word 'unde' even at min font size 14. Skipping.
2026-01-16 00:30:05,126 - Wordcloud - INFO - Could not place word 'iste' even at min font size 14. Skipping.
2026-01-16 00:30:05,126 - Wordcloud - INFO - Could not place word 'natus' even at min font size 14. Skipping.
2026-01-16 00:30:05,126 - Wordcloud - INFO - Could not place word 'error' even at min font size 14. Skipping.
2026-01-16 00:30:05,126 - Wordcloud - INFO - Could not place word 'voluptatem' even at min font size 14. Skipping.
2026-01-16 00:30:05,126 - Wordcloud - INFO - Could not place word 'accusantium' even at min font size 14. Skipping.
2026-01-16 00:30:05,126 - Wordcloud - INFO - Could not place word 'doloremque' even at min font size 14. Skipping.
2026-01-16 00:30:05,126 - Wordcloud - INFO - Could not place word 'laudantium' even at min font size 14. Skipping.
2026-01-16 00:30:05,126 - Wordcloud - INFO - Could not place word 'totam' even at min font size 14. Skipping.
2026-01-16 00:30:05,126 - Wordcloud - INFO - Could not place word 'rem' even at min font size 14. Skipping.
2026-01-16 00:30:05,126 - Wordcloud - INFO - Could not place word 'aperiam' even at min font size 14. Skipping.
2026-01-16 00:30:05,126 - Wordcloud - INFO - Could not place word 'eaque' even at min font size 14. Skipping.
2026-01-16 00:30:05,126 - Wordcloud - INFO - Could not place word 'ipsa' even at min font size 14. Skipping.
2026-01-16 00:30:05,126 - Wordcloud - INFO - Could not place word 'quae' even at min font size 14. Skipping.
2026-01-16 00:30:05,126 - Wordcloud - INFO - Could not place word 'illo' even at min font size 14. Skipping.
2026-01-16 00:30:05,126 - Wordcloud - INFO - Could not place word 'inventore' even at min font size 14. Skipping.
2026-01-16 00:30:05,126 - Wordcloud - INFO - Could not place word 'veritatis' even at min font size 14. Skipping.
2026-01-16 00:30:05,126 - Wordcloud - INFO - Could not place word 'quasi' even at min font size 14. Skipping.
2026-01-16 00:30:05,126 - Wordcloud - INFO - Could not place word 'architecto' even at min font size 14. Skipping.
2026-01-16 00:30:05,126 - Wordcloud - INFO - Could not place word 'beatae' even at min font size 14. Skipping.
2026-01-16 00:30:05,127 - Wordcloud - INFO - Could not place word 'dicta' even at min font size 14. Skipping.
2026-01-16 00:30:05,127 - Wordcloud - INFO - Could not place word 'sunt' even at min font size 14. Skipping.
2026-01-16 00:30:05,127 - Wordcloud - INFO - Could not place word 'explicabo' even at min font size 14. Skipping.
2026-01-16 00:30:05,127 - Wordcloud - INFO - Could not place word 'veniam' even at min font size 14. Skipping.
2026-01-16 00:30:05,127 - Wordcloud - INFO - Could not place word 'nisi' even at min font size 14. Skipping.
2026-01-16 00:30:05,127 - Wordcloud - INFO - Could not place word 'venenatis' even at min font size 14. Skipping.
2026-01-16 00:30:05,127 - Wordcloud - INFO - Could not place word 'tincidunt' even at min font size 14. Skipping.
2026-01-16 00:30:05,127 - Wordcloud - INFO - Could not place word 'pede' even at min font size 14. Skipping.
2026-01-16 00:30:05,127 - Wordcloud - INFO - Could not place word 'per' even at min font size 14. Skipping.
2026-01-16 00:30:05,127 - Wordcloud - INFO - Could not place word 'metus' even at min font size 14. Skipping.
2026-01-16 00:30:05,127 - Wordcloud - INFO - Could not place word 'tellus' even at min font size 14. Skipping.
2026-01-16 00:30:05,127 - Wordcloud - INFO - Could not place word 'felis' even at min font size 14. Skipping.
2026-01-16 00:30:05,127 - Wordcloud - INFO - Could not place word 'varius' even at min font size 14. Skipping.
2026-01-16 00:30:05,127 - Wordcloud - INFO - Could not place word 'semper' even at min font size 14. Skipping.
2026-01-16 00:30:05,127 - Wordcloud - INFO - Could not place word 'mollis' even at min font size 14. Skipping.
2026-01-16 00:30:05,127 - Wordcloud - INFO - Could not place word 'curabitur' even at min font size 14. Skipping.
2026-01-16 00:30:05,127 - Wordcloud - INFO - Could not place word 'pretium' even at min font size 14. Skipping.
2026-01-16 00:30:05,127 - Wordcloud - INFO - Could not place word 'pulvinar' even at min font size 14. Skipping.
2026-01-16 00:30:05,127 - Wordcloud - INFO - Could not place word 'massa' even at min font size 14. Skipping.
2026-01-16 00:30:05,127 - Wordcloud - INFO - Could not place word 'augue' even at min font size 14. Skipping.
2026-01-16 00:30:05,127 - Wordcloud - INFO - Could not place word 'sollicitudin' even at min font size 14. Skipping.
2026-01-16 00:30:05,127 - Wordcloud - INFO - Could not place word 'quisque' even at min font size 14. Skipping.
2026-01-16 00:30:05,127 - Wordcloud - INFO - Could not place word 'porta' even at min font size 14. Skipping.
2026-01-16 00:30:05,127 - Wordcloud - INFO - Could not place word 'justo' even at min font size 14. Skipping.
2026-01-16 00:30:05,127 - Wordcloud - INFO - Could not place word 'pharetra' even at min font size 14. Skipping.
2026-01-16 00:30:05,127 - Wordcloud - INFO - Could not place word 'feugiat' even at min font size 14. Skipping.
2026-01-16 00:30:05,127 - Wordcloud - INFO - Could not place word 'scelerisque' even at min font size 14. Skipping.
2026-01-16 00:30:05,127 - Wordcloud - INFO - Could not place word 'nisl' even at min font size 14. Skipping.
2026-01-16 00:30:05,127 - Wordcloud - INFO - Could not place word 'ornare' even at min font size 14. Skipping.
2026-01-16 00:30:05,127 - Wordcloud - INFO - Could not place word 'minim' even at min font size 14. Skipping.
2026-01-16 00:30:05,127 - Wordcloud - INFO - Could not place word 'nostrud' even at min font size 14. Skipping.
2026-01-16 00:30:05,127 - Wordcloud - INFO - Could not place word 'exercitation' even at min font size 14. Skipping.
2026-01-16 00:30:05,127 - Wordcloud - INFO - Could not place word 'ullamco' even at min font size 14. Skipping.
2026-01-16 00:30:05,127 - Wordcloud - INFO - Could not place word 'laboris' even at min font size 14. Skipping.
2026-01-16 00:30:05,127 - Wordcloud - INFO - Could not place word 'aliquip' even at min font size 14. Skipping.
2026-01-16 00:30:05,127 - Wordcloud - INFO - Could not place word 'duis' even at min font size 14. Skipping.
2026-01-16 00:30:05,127 - Wordcloud - INFO - Could not place word 'molestie' even at min font size 14. Skipping.
2026-01-16 00:30:05,127 - Wordcloud - INFO - Could not place word 'purus' even at min font size 14. Skipping.
2026-01-16 00:30:05,127 - Wordcloud - INFO - Could not place word 'congue' even at min font size 14. Skipping.
2026-01-16 00:30:05,127 - Wordcloud - INFO - Could not place word 'class' even at min font size 14. Skipping.
2026-01-16 00:30:05,127 - Wordcloud - INFO - Could not place word 'aptent' even at min font size 14. Skipping.
2026-01-16 00:30:05,127 - Wordcloud - INFO - Could not place word 'taciti' even at min font size 14. Skipping.
2026-01-16 00:30:05,127 - Wordcloud - INFO - Could not place word 'sociosqu' even at min font size 14. Skipping.
2026-01-16 00:30:05,127 - Wordcloud - INFO - Could not place word 'litora' even at min font size 14. Skipping.
2026-01-16 00:30:05,127 - Wordcloud - INFO - Could not place word 'torquent' even at min font size 14. Skipping.
2026-01-16 00:30:05,127 - Wordcloud - INFO - Could not place word 'conubia' even at min font size 14. Skipping.
2026-01-16 00:30:05,127 - Wordcloud - INFO - Could not place word 'nostra' even at min font size 14. Skipping.
2026-01-16 00:30:05,127 - Wordcloud - INFO - Could not place word 'inceptos' even at min font size 14. Skipping.
2026-01-16 00:30:05,127 - Wordcloud - INFO - Could not place word 'hymenaeos' even at min font size 14. Skipping.
2026-01-16 00:30:05,127 - Wordcloud - INFO - Could not place word 'odio' even at min font size 14. Skipping.
2026-01-16 00:30:05,127 - Wordcloud - INFO - Could not place word 'placerat' even at min font size 14. Skipping.
2026-01-16 00:30:05,127 - Wordcloud - INFO - Could not place word 'praesent' even at min font size 14. Skipping.
2026-01-16 00:30:05,127 - Wordcloud - INFO - Could not place word 'cursus' even at min font size 14. Skipping.
2026-01-16 00:30:05,127 - Wordcloud - INFO - Could not place word 'cras' even at min font size 14. Skipping.
2026-01-16 00:30:05,127 - Wordcloud - INFO - Could not place word 'neque' even at min font size 14. Skipping.
2026-01-16 00:30:05,127 - Wordcloud - INFO - Could not place word 'fringilla' even at min font size 14. Skipping.
2026-01-16 00:30:05,127 - Wordcloud - INFO - Could not place word 'donec' even at min font size 14. Skipping.
2026-01-16 00:30:05,127 - Wordcloud - INFO - Could not place word 'iaculis' even at min font size 14. Skipping.
2026-01-16 00:30:05,127 - Wordcloud - INFO - Could not place word 'egestas' even at min font size 14. Skipping.
2026-01-16 00:30:05,127 - Wordcloud - INFO - Could not place word 'ligula' even at min font size 14. Skipping.
2026-01-16 00:30:05,127 - Wordcloud - INFO - Could not place word 'facilisis' even at min font size 14. Skipping.
2026-01-16 00:30:05,127 - Wordcloud - INFO - Could not place word 'minima' even at min font size 14. Skipping.
2026-01-16 00:30:05,127 - Wordcloud - INFO - Could not place word 'nostrum' even at min font size 14. Skipping.
2026-01-16 00:30:05,127 - Wordcloud - INFO - Could not place word 'exercitationem' even at min font size 14. Skipping.
2026-01-16 00:30:05,127 - Wordcloud - INFO - Could not place word 'ullam' even at min font size 14. Skipping.
2026-01-16 00:30:05,127 - Wordcloud - INFO - Could not place word 'corporis' even at min font size 14. Skipping.
2026-01-16 00:30:05,127 - Wordcloud - INFO - Could not place word 'laboriosam' even at min font size 14. Skipping.
2026-01-16 00:30:05,127 - Wordcloud - INFO - Could not place word 'aliquid' even at min font size 14. Skipping.
2026-01-16 00:30:05,127 - Wordcloud - INFO - Could not place word 'commodi' even at min font size 14. Skipping.
2026-01-16 00:30:05,127 - Wordcloud - INFO - Could not place word 'consequatur' even at min font size 14. Skipping.
2026-01-16 00:30:05,127 - Wordcloud - INFO - Could not place word 'ultrices' even at min font size 14. Skipping.
2026-01-16 00:30:05,127 - Wordcloud - INFO - Could not place word 'nam' even at min font size 14. Skipping.
2026-01-16 00:30:05,127 - Wordcloud - INFO - Could not place word 'tempore' even at min font size 14. Skipping.
2026-01-16 00:30:05,127 - Wordcloud - INFO - Could not place word 'cum' even at min font size 14. Skipping.
2026-01-16 00:30:05,127 - Wordcloud - INFO - Could not place word 'soluta' even at min font size 14. Skipping.
2026-01-16 00:30:05,127 - Wordcloud - INFO - Could not place word 'nobis' even at min font size 14. Skipping.
2026-01-16 00:30:05,127 - Wordcloud - INFO - Could not place word 'eligendi' even at min font size 14. Skipping.
2026-01-16 00:30:05,127 - Wordcloud - INFO - Could not place word 'optio' even at min font size 14. Skipping.
2026-01-16 00:30:05,127 - Wordcloud - INFO - Could not place word 'cumque' even at min font size 14. Skipping.
2026-01-16 00:30:05,127 - Wordcloud - INFO - Could not place word 'nihil' even at min font size 14. Skipping.
2026-01-16 00:30:05,127 - Wordcloud - INFO - Could not place word 'impedit' even at min font size 14. Skipping.
2026-01-16 00:30:05,127 - Wordcloud - INFO - Could not place word 'quo' even at min font size 14. Skipping.
2026-01-16 00:30:05,127 - Wordcloud - INFO - Could not place word 'minus' even at min font size 14. Skipping.
2026-01-16 00:30:05,127 - Wordcloud - INFO - Could not place word 'quod' even at min font size 14. Skipping.
2026-01-16 00:30:05,127 - Wordcloud - INFO - Could not place word 'maxime' even at min font size 14. Skipping.
2026-01-16 00:30:05,127 - Wordcloud - INFO - Could not place word 'placeat' even at min font size 14. Skipping.
2026-01-16 00:30:05,127 - Wordcloud - INFO - Could not place word 'facere' even at min font size 14. Skipping.
2026-01-16 00:30:05,127 - Wordcloud - INFO - Could not place word 'possimus' even at min font size 14. Skipping.
2026-01-16 00:30:05,127 - Wordcloud - INFO - Could not place word 'voluptas' even at min font size 14. Skipping.
2026-01-16 00:30:05,127 - Wordcloud - INFO - Could not place word 'assumenda' even at min font size 14. Skipping.
2026-01-16 00:30:05,127 - Wordcloud - INFO - Could not place word 'repellendus' even at min font size 14. Skipping.
2026-01-16 00:30:05,127 - Wordcloud - INFO - Could not place word 'dictum' even at min font size 14. Skipping.
2026-01-16 00:30:05,127 - Wordcloud - INFO - Could not place word 'nunc' even at min font size 14. Skipping.
2026-01-16 00:30:05,128 - Wordcloud - INFO - Could not place word 'euismod' even at min font size 14. Skipping.
2026-01-16 00:30:05,128 - Wordcloud - INFO - Could not place word 'risus' even at min font size 14. Skipping.
2026-01-16 00:30:05,128 - Wordcloud - INFO - Successfully placed 63 words
2026-01-16 00:30:05,128 - Wordcloud - INFO - Wordcloud generation completed
2026-01-16 00:30:05,129 - wordcloud.utils.font_utils - INFO - FontCache initialized
2026-01-16 00:30:05,129 - wordcloud.utils.text_processing - INFO - TextProcessor initialized: min_word_length=3, max_words=200, language=None, stemming=False, lemmatization=False, n_gram_range=None
2026-01-16 00:30:05,129 - Wordcloud - INFO - Wordcloud initialized: 800x500, strategy='random', max_words=200, performance_tracking=False
2026-01-16 00:30:05,129 - Wordcloud - INFO - Starting wordcloud generation
2026-01-16 00:30:05,129 - Wordcloud - INFO - Preparing text (length: 3967 characters)
2026-01-16 00:30:05,137 - Wordcloud - INFO - Prepared 192 words for wordcloud
2026-01-16 00:30:05,137 - Wordcloud - INFO - Finding positions for 192 words using strategy 'random'
2026-01-16 00:30:05,138 - wordcloud.utils.integral_image - INFO - IntegralImage initialized: 800x500, tracing=False, mask=none
2026-01-16 00:30:15,748 - Wordcloud - INFO - Could not place word 'adipiscing' even at min font size 14. Skipping.
2026-01-16 00:30:15,749 - Wordcloud - INFO - Could not place word 'morbi' even at min font size 14. Skipping.
2026-01-16 00:30:15,749 - Wordcloud - INFO - Could not place word 'tristique' even at min font size 14. Skipping.
2026-01-16 00:30:15,749 - Wordcloud - INFO - Could not place word 'rhoncus' even at min font size 14. Skipping.
2026-01-16 00:30:15,749 - Wordcloud - INFO - Could not place word 'vulputate' even at min font size 14. Skipping.
2026-01-16 00:30:15,749 - Wordcloud - INFO - Could not place word 'nibh' even at min font size 14. Skipping.
2026-01-16 00:30:15,749 - Wordcloud - INFO - Could not place word 'imperdiet' even at min font size 14. Skipping.
2026-01-16 00:30:15,749 - Wordcloud - INFO - Could not place word 'commodo' even at min font size 14. Skipping.
2026-01-16 00:30:15,749 - Wordcloud - INFO - Could not place word 'suspendisse' even at min font size 14. Skipping.
2026-01-16 00:30:15,749 - Wordcloud - INFO - Could not place word 'wisi' even at min font size 14. Skipping.
2026-01-16 00:30:15,749 - Wordcloud - INFO - Could not place word 'lobortis' even at min font size 14. Skipping.
2026-01-16 00:30:15,749 - Wordcloud - INFO - Could not place word 'posuere' even at min font size 14. Skipping.
2026-01-16 00:30:15,749 - Wordcloud - INFO - Could not place word 'gravida' even at min font size 14. Skipping.
2026-01-16 00:30:15,749 - Wordcloud - INFO - Could not place word 'perspiciatis' even at min font size 14. Skipping.
2026-01-16 00:30:15,749 - Wordcloud - INFO - Could not place word 'unde' even at min font size 14. Skipping.
2026-01-16 00:30:15,749 - Wordcloud - INFO - Could not place word 'iste' even at min font size 14. Skipping.
2026-01-16 00:30:15,749 - Wordcloud - INFO - Could not place word 'natus' even at min font size 14. Skipping.
2026-01-16 00:30:15,749 - Wordcloud - INFO - Could not place word 'error' even at min font size 14. Skipping.
2026-01-16 00:30:15,749 - Wordcloud - INFO - Could not place word 'voluptatem' even at min font size 14. Skipping.
2026-01-16 00:30:15,749 - Wordcloud - INFO - Could not place word 'accusantium' even at min font size 14. Skipping.
2026-01-16 00:30:15,749 - Wordcloud - INFO - Could not place word 'doloremque' even at min font size 14. Skipping.
2026-01-16 00:30:15,749 - Wordcloud - INFO - Could not place word 'laudantium' even at min font size 14. Skipping.
2026-01-16 00:30:15,749 - Wordcloud - INFO - Could not place word 'totam' even at min font size 14. Skipping.
2026-01-16 00:30:15,749 - Wordcloud - INFO - Could not place word 'rem' even at min font size 14. Skipping.
2026-01-16 00:30:15,749 - Wordcloud - INFO - Could not place word 'aperiam' even at min font size 14. Skipping.
2026-01-16 00:30:15,749 - Wordcloud - INFO - Could not place word 'eaque' even at min font size 14. Skipping.
2026-01-16 00:30:15,749 - Wordcloud - INFO - Could not place word 'ipsa' even at min font size 14. Skipping.
2026-01-16 00:30:15,749 - Wordcloud - INFO - Could not place word 'quae' even at min font size 14. Skipping.
2026-01-16 00:30:15,749 - Wordcloud - INFO - Could not place word 'illo' even at min font size 14. Skipping.
2026-01-16 00:30:15,749 - Wordcloud - INFO - Could not place word 'inventore' even at min font size 14. Skipping.
2026-01-16 00:30:15,749 - Wordcloud - INFO - Could not place word 'veritatis' even at min font size 14. Skipping.
2026-01-16 00:30:15,749 - Wordcloud - INFO - Could not place word 'quasi' even at min font size 14. Skipping.
2026-01-16 00:30:15,749 - Wordcloud - INFO - Could not place word 'architecto' even at min font size 14. Skipping.
2026-01-16 00:30:15,749 - Wordcloud - INFO - Could not place word 'beatae' even at min font size 14. Skipping.
2026-01-16 00:30:15,749 - Wordcloud - INFO - Could not place word 'dicta' even at min font size 14. Skipping.
2026-01-16 00:30:15,749 - Wordcloud - INFO - Could not place word 'sunt' even at min font size 14. Skipping.
2026-01-16 00:30:15,749 - Wordcloud - INFO - Could not place word 'explicabo' even at min font size 14. Skipping.
2026-01-16 00:30:15,749 - Wordcloud - INFO - Could not place word 'veniam' even at min font size 14. Skipping.
2026-01-16 00:30:15,749 - Wordcloud - INFO - Could not place word 'nisi' even at min font size 14. Skipping.
2026-01-16 00:30:15,749 - Wordcloud - INFO - Could not place word 'venenatis' even at min font size 14. Skipping.
2026-01-16 00:30:15,749 - Wordcloud - INFO - Could not place word 'tincidunt' even at min font size 14. Skipping.
2026-01-16 00:30:15,749 - Wordcloud - INFO - Could not place word 'pede' even at min font size 14. Skipping.
2026-01-16 00:30:15,749 - Wordcloud - INFO - Could not place word 'per' even at min font size 14. Skipping.
2026-01-16 00:30:15,749 - Wordcloud - INFO - Could not place word 'metus' even at min font size 14. Skipping.
2026-01-16 00:30:15,749 - Wordcloud - INFO - Could not place word 'tellus' even at min font size 14. Skipping.
2026-01-16 00:30:15,749 - Wordcloud - INFO - Could not place word 'felis' even at min font size 14. Skipping.
2026-01-16 00:30:15,749 - Wordcloud - INFO - Could not place word 'varius' even at min font size 14. Skipping.
2026-01-16 00:30:15,749 - Wordcloud - INFO - Could not place word 'semper' even at min font size 14. Skipping.
2026-01-16 00:30:15,749 - Wordcloud - INFO - Could not place word 'mollis' even at min font size 14. Skipping.
2026-01-16 00:30:15,750 - Wordcloud - INFO - Could not place word 'curabitur' even at min font size 14. Skipping.
2026-01-16 00:30:15,750 - Wordcloud - INFO - Could not place word 'pretium' even at min font size 14. Skipping.
2026-01-16 00:30:15,750 - Wordcloud - INFO - Could not place word 'pulvinar' even at min font size 14. Skipping.
2026-01-16 00:30:15,750 - Wordcloud - INFO - Could not place word 'massa' even at min font size 14. Skipping.
2026-01-16 00:30:15,750 - Wordcloud - INFO - Could not place word 'augue' even at min font size 14. Skipping.
2026-01-16 00:30:15,750 - Wordcloud - INFO - Could not place word 'sollicitudin' even at min font size 14. Skipping.
2026-01-16 00:30:15,750 - Wordcloud - INFO - Could not place word 'quisque' even at min font size 14. Skipping.
2026-01-16 00:30:15,750 - Wordcloud - INFO - Could not place word 'porta' even at min font size 14. Skipping.
2026-01-16 00:30:15,750 - Wordcloud - INFO - Could not place word 'justo' even at min font size 14. Skipping.
2026-01-16 00:30:15,750 - Wordcloud - INFO - Could not place word 'pharetra' even at min font size 14. Skipping.
2026-01-16 00:30:15,750 - Wordcloud - INFO - Could not place word 'feugiat' even at min font size 14. Skipping.
2026-01-16 00:30:15,750 - Wordcloud - INFO - Could not place word 'scelerisque' even at min font size 14. Skipping.
2026-01-16 00:30:15,750 - Wordcloud - INFO - Could not place word 'nisl' even at min font size 14. Skipping.
2026-01-16 00:30:15,750 - Wordcloud - INFO - Could not place word 'ornare' even at min font size 14. Skipping.
2026-01-16 00:30:15,750 - Wordcloud - INFO - Could not place word 'minim' even at min font size 14. Skipping.
2026-01-16 00:30:15,750 - Wordcloud - INFO - Could not place word 'nostrud' even at min font size 14. Skipping.
2026-01-16 00:30:15,750 - Wordcloud - INFO - Could not place word 'exercitation' even at min font size 14. Skipping.
2026-01-16 00:30:15,750 - Wordcloud - INFO - Could not place word 'ullamco' even at min font size 14. Skipping.
2026-01-16 00:30:15,750 - Wordcloud - INFO - Could not place word 'laboris' even at min font size 14. Skipping.
2026-01-16 00:30:15,750 - Wordcloud - INFO - Could not place word 'aliquip' even at min font size 14. Skipping.
2026-01-16 00:30:15,750 - Wordcloud - INFO - Could not place word 'duis' even at min font size 14. Skipping.
2026-01-16 00:30:15,750 - Wordcloud - INFO - Could not place word 'molestie' even at min font size 14. Skipping.
2026-01-16 00:30:15,750 - Wordcloud - INFO - Could not place word 'purus' even at min font size 14. Skipping.
2026-01-16 00:30:15,750 - Wordcloud - INFO - Could not place word 'congue' even at min font size 14. Skipping.
2026-01-16 00:30:15,750 - Wordcloud - INFO - Could not place word 'class' even at min font size 14. Skipping.
2026-01-16 00:30:15,750 - Wordcloud - INFO - Could not place word 'aptent' even at min font size 14. Skipping.
2026-01-16 00:30:15,750 - Wordcloud - INFO - Could not place word 'taciti' even at min font size 14. Skipping.
2026-01-16 00:30:15,750 - Wordcloud - INFO - Could not place word 'sociosqu' even at min font size 14. Skipping.
2026-01-16 00:30:15,750 - Wordcloud - INFO - Could not place word 'litora' even at min font size 14. Skipping.
2026-01-16 00:30:15,750 - Wordcloud - INFO - Could not place word 'torquent' even at min font size 14. Skipping.
2026-01-16 00:30:15,750 - Wordcloud - INFO - Could not place word 'conubia' even at min font size 14. Skipping.
2026-01-16 00:30:15,750 - Wordcloud - INFO - Could not place word 'nostra' even at min font size 14. Skipping.
2026-01-16 00:30:15,750 - Wordcloud - INFO - Could not place word 'inceptos' even at min font size 14. Skipping.
2026-01-16 00:30:15,750 - Wordcloud - INFO - Could not place word 'hymenaeos' even at min font size 14. Skipping.
2026-01-16 00:30:15,750 - Wordcloud - INFO - Could not place word 'odio' even at min font size 14. Skipping.
2026-01-16 00:30:15,750 - Wordcloud - INFO - Could not place word 'placerat' even at min font size 14. Skipping.
2026-01-16 00:30:15,750 - Wordcloud - INFO - Could not place word 'praesent' even at min font size 14. Skipping.
2026-01-16 00:30:15,750 - Wordcloud - INFO - Could not place word 'cursus' even at min font size 14. Skipping.
2026-01-16 00:30:15,750 - Wordcloud - INFO - Could not place word 'cras' even at min font size 14. Skipping.
2026-01-16 00:30:15,750 - Wordcloud - INFO - Could not place word 'neque' even at min font size 14. Skipping.
2026-01-16 00:30:15,750 - Wordcloud - INFO - Could not place word 'fringilla' even at min font size 14. Skipping.
2026-01-16 00:30:15,750 - Wordcloud - INFO - Could not place word 'donec' even at min font size 14. Skipping.
2026-01-16 00:30:15,750 - Wordcloud - INFO - Could not place word 'iaculis' even at min font size 14. Skipping.
2026-01-16 00:30:15,750 - Wordcloud - INFO - Could not place word 'egestas' even at min font size 14. Skipping.
2026-01-16 00:30:15,750 - Wordcloud - INFO - Could not place word 'ligula' even at min font size 14. Skipping.
2026-01-16 00:30:15,750 - Wordcloud - INFO - Could not place word 'facilisis' even at min font size 14. Skipping.
2026-01-16 00:30:15,750 - Wordcloud - INFO - Could not place word 'minima' even at min font size 14. Skipping.
2026-01-16 00:30:15,750 - Wordcloud - INFO - Could not place word 'nostrum' even at min font size 14. Skipping.
2026-01-16 00:30:15,750 - Wordcloud - INFO - Could not place word 'exercitationem' even at min font size 14. Skipping.
2026-01-16 00:30:15,750 - Wordcloud - INFO - Could not place word 'ullam' even at min font size 14. Skipping.
2026-01-16 00:30:15,750 - Wordcloud - INFO - Could not place word 'corporis' even at min font size 14. Skipping.
2026-01-16 00:30:15,750 - Wordcloud - INFO - Could not place word 'laboriosam' even at min font size 14. Skipping.
2026-01-16 00:30:15,750 - Wordcloud - INFO - Could not place word 'aliquid' even at min font size 14. Skipping.
2026-01-16 00:30:15,750 - Wordcloud - INFO - Could not place word 'commodi' even at min font size 14. Skipping.
2026-01-16 00:30:15,750 - Wordcloud - INFO - Could not place word 'consequatur' even at min font size 14. Skipping.
2026-01-16 00:30:15,750 - Wordcloud - INFO - Could not place word 'ultrices' even at min font size 14. Skipping.
2026-01-16 00:30:15,750 - Wordcloud - INFO - Could not place word 'nam' even at min font size 14. Skipping.
2026-01-16 00:30:15,750 - Wordcloud - INFO - Could not place word 'tempore' even at min font size 14. Skipping.
2026-01-16 00:30:15,750 - Wordcloud - INFO - Could not place word 'cum' even at min font size 14. Skipping.
2026-01-16 00:30:15,750 - Wordcloud - INFO - Could not place word 'soluta' even at min font size 14. Skipping.
2026-01-16 00:30:15,750 - Wordcloud - INFO - Could not place word 'nobis' even at min font size 14. Skipping.
2026-01-16 00:30:15,750 - Wordcloud - INFO - Could not place word 'eligendi' even at min font size 14. Skipping.
2026-01-16 00:30:15,750 - Wordcloud - INFO - Could not place word 'optio' even at min font size 14. Skipping.
2026-01-16 00:30:15,750 - Wordcloud - INFO - Could not place word 'cumque' even at min font size 14. Skipping.
2026-01-16 00:30:15,750 - Wordcloud - INFO - Could not place word 'nihil' even at min font size 14. Skipping.
2026-01-16 00:30:15,750 - Wordcloud - INFO - Could not place word 'impedit' even at min font size 14. Skipping.
2026-01-16 00:30:15,750 - Wordcloud - INFO - Could not place word 'quo' even at min font size 14. Skipping.
2026-01-16 00:30:15,750 - Wordcloud - INFO - Could not place word 'minus' even at min font size 14. Skipping.
2026-01-16 00:30:15,750 - Wordcloud - INFO - Could not place word 'quod' even at min font size 14. Skipping.
2026-01-16 00:30:15,750 - Wordcloud - INFO - Could not place word 'maxime' even at min font size 14. Skipping.
2026-01-16 00:30:15,750 - Wordcloud - INFO - Could not place word 'placeat' even at min font size 14. Skipping.
2026-01-16 00:30:15,750 - Wordcloud - INFO - Could not place word 'facere' even at min font size 14. Skipping.
2026-01-16 00:30:15,750 - Wordcloud - INFO - Could not place word 'possimus' even at min font size 14. Skipping.
2026-01-16 00:30:15,750 - Wordcloud - INFO - Could not place word 'voluptas' even at min font size 14. Skipping.
2026-01-16 00:30:15,750 - Wordcloud - INFO - Could not place word 'assumenda' even at min font size 14. Skipping.
2026-01-16 00:30:15,750 - Wordcloud - INFO - Could not place word 'repellendus' even at min font size 14. Skipping.
2026-01-16 00:30:15,750 - Wordcloud - INFO - Could not place word 'dictum' even at min font size 14. Skipping.
2026-01-16 00:30:15,750 - Wordcloud - INFO - Could not place word 'nunc' even at min font size 14. Skipping.
2026-01-16 00:30:15,750 - Wordcloud - INFO - Could not place word 'euismod' even at min font size 14. Skipping.
2026-01-16 00:30:15,750 - Wordcloud - INFO - Could not place word 'risus' even at min font size 14. Skipping.
2026-01-16 00:30:15,750 - Wordcloud - INFO - Successfully placed 63 words
2026-01-16 00:30:15,750 - Wordcloud - INFO - Wordcloud generation completed
2026-01-16 00:30:15,752 - wordcloud.utils.font_utils - INFO - FontCache initialized
2026-01-16 00:30:15,752 - wordcloud.utils.text_processing - INFO - TextProcessor initialized: min_word_length=3, max_words=200, language=None, stemming=False, lemmatization=False, n_gram_range=None
2026-01-16 00:30:15,752 - Wordcloud - INFO - Wordcloud initialized: 800x500, strategy='random', max_words=200, performance_tracking=False
2026-01-16 00:30:15,753 - Wordcloud - INFO - Starting wordcloud generation
2026-01-16 00:30:15,753 - Wordcloud - INFO - Preparing text (length: 3967 characters)
2026-01-16 00:30:15,763 - Wordcloud - INFO - Prepared 192 words for wordcloud
2026-01-16 00:30:15,763 - Wordcloud - INFO - Finding positions for 192 words using strategy 'random'
2026-01-16 00:30:15,764 - wordcloud.utils.integral_image - INFO - IntegralImage initialized: 800x500, tracing=False, mask=none
2026-01-16 00:30:26,056 - Wordcloud - INFO - Could not place word 'adipiscing' even at min font size 14. Skipping.
2026-01-16 00:30:26,056 - Wordcloud - INFO - Could not place word 'morbi' even at min font size 14. Skipping.
2026-01-16 00:30:26,056 - Wordcloud - INFO - Could not place word 'tristique' even at min font size 14. Skipping.
2026-01-16 00:30:26,056 - Wordcloud - INFO - Could not place word 'rhoncus' even at min font size 14. Skipping.
2026-01-16 00:30:26,056 - Wordcloud - INFO - Could not place word 'vulputate' even at min font size 14. Skipping.
2026-01-16 00:30:26,056 - Wordcloud - INFO - Could not place word 'nibh' even at min font size 14. Skipping.
2026-01-16 00:30:26,056 - Wordcloud - INFO - Could not place word 'imperdiet' even at min font size 14. Skipping.
2026-01-16 00:30:26,056 - Wordcloud - INFO - Could not place word 'commodo' even at min font size 14. Skipping.
2026-01-16 00:30:26,056 - Wordcloud - INFO - Could not place word 'suspendisse' even at min font size 14. Skipping.
2026-01-16 00:30:26,056 - Wordcloud - INFO - Could not place word 'wisi' even at min font size 14. Skipping.
2026-01-16 00:30:26,056 - Wordcloud - INFO - Could not place word 'lobortis' even at min font size 14. Skipping.
2026-01-16 00:30:26,056 - Wordcloud - INFO - Could not place word 'posuere' even at min font size 14. Skipping.
2026-01-16 00:30:26,056 - Wordcloud - INFO - Could not place word 'gravida' even at min font size 14. Skipping.
2026-01-16 00:30:26,056 - Wordcloud - INFO - Could not place word 'perspiciatis' even at min font size 14. Skipping.
2026-01-16 00:30:26,057 - Wordcloud - INFO - Could not place word 'unde' even at min font size 14. Skipping.
2026-01-16 00:30:26,057 - Wordcloud - INFO - Could not place word 'iste' even at min font size 14. Skipping.
2026-01-16 00:30:26,057 - Wordcloud - INFO - Could not place word 'natus' even at min font size 14. Skipping.
2026-01-16 00:30:26,057 - Wordcloud - INFO - Could not place word 'error' even at min font size 14. Skipping.
2026-01-16 00:30:26,057 - Wordcloud - INFO - Could not place word 'voluptatem' even at min font size 14. Skipping.
2026-01-16 00:30:26,057 - Wordcloud - INFO - Could not place word 'accusantium' even at min font size 14. Skipping.
2026-01-16 00:30:26,057 - Wordcloud - INFO - Could not place word 'doloremque' even at min font size 14. Skipping.
2026-01-16 00:30:26,057 - Wordcloud - INFO - Could not place word 'laudantium' even at min font size 14. Skipping.
2026-01-16 00:30:26,057 - Wordcloud - INFO - Could not place word 'totam' even at min font size 14. Skipping.
2026-01-16 00:30:26,057 - Wordcloud - INFO - Could not place word 'rem' even at min font size 14. Skipping.
2026-01-16 00:30:26,057 - Wordcloud - INFO - Could not place word 'aperiam' even at min font size 14. Skipping.
2026-01-16 00:30:26,057 - Wordcloud - INFO - Could not place word 'eaque' even at min font size 14. Skipping.
2026-01-16 00:30:26,057 - Wordcloud - INFO - Could not place word 'ipsa' even at min font size 14. Skipping.
2026-01-16 00:30:26,057 - Wordcloud - INFO - Could not place word 'quae' even at min font size 14. Skipping.
2026-01-16 00:30:26,057 - Wordcloud - INFO - Could not place word 'illo' even at min font size 14. Skipping.
2026-01-16 00:30:26,057 - Wordcloud - INFO - Could not place word 'inventore' even at min font size 14. Skipping.
2026-01-16 00:30:26,057 - Wordcloud - INFO - Could not place word 'veritatis' even at min font size 14. Skipping.
2026-01-16 00:30:26,057 - Wordcloud - INFO - Could not place word 'quasi' even at min font size 14. Skipping.
2026-01-16 00:30:26,057 - Wordcloud - INFO - Could not place word 'architecto' even at min font size 14. Skipping.
2026-01-16 00:30:26,057 - Wordcloud - INFO - Could not place word 'beatae' even at min font size 14. Skipping.
2026-01-16 00:30:26,057 - Wordcloud - INFO - Could not place word 'dicta' even at min font size 14. Skipping.
2026-01-16 00:30:26,057 - Wordcloud - INFO - Could not place word 'sunt' even at min font size 14. Skipping.
2026-01-16 00:30:26,057 - Wordcloud - INFO - Could not place word 'explicabo' even at min font size 14. Skipping.
2026-01-16 00:30:26,057 - Wordcloud - INFO - Could not place word 'veniam' even at min font size 14. Skipping.
2026-01-16 00:30:26,057 - Wordcloud - INFO - Could not place word 'nisi' even at min font size 14. Skipping.
2026-01-16 00:30:26,057 - Wordcloud - INFO - Could not place word 'venenatis' even at min font size 14. Skipping.
2026-01-16 00:30:26,057 - Wordcloud - INFO - Could not place word 'tincidunt' even at min font size 14. Skipping.
2026-01-16 00:30:26,057 - Wordcloud - INFO - Could not place word 'pede' even at min font size 14. Skipping.
2026-01-16 00:30:26,057 - Wordcloud - INFO - Could not place word 'per' even at min font size 14. Skipping.
2026-01-16 00:30:26,057 - Wordcloud - INFO - Could not place word 'metus' even at min font size 14. Skipping.
2026-01-16 00:30:26,057 - Wordcloud - INFO - Could not place word 'tellus' even at min font size 14. Skipping.
2026-01-16 00:30:26,057 - Wordcloud - INFO - Could not place word 'felis' even at min font size 14. Skipping.
2026-01-16 00:30:26,057 - Wordcloud - INFO - Could not place word 'varius' even at min font size 14. Skipping.
2026-01-16 00:30:26,057 - Wordcloud - INFO - Could not place word 'semper' even at min font size 14. Skipping.
2026-01-16 00:30:26,057 - Wordcloud - INFO - Could not place word 'mollis' even at min font size 14. Skipping.
2026-01-16 00:30:26,057 - Wordcloud - INFO - Could not place word 'curabitur' even at min font size 14. Skipping.
2026-01-16 00:30:26,057 - Wordcloud - INFO - Could not place word 'pretium' even at min font size 14. Skipping.
2026-01-16 00:30:26,057 - Wordcloud - INFO - Could not place word 'pulvinar' even at min font size 14. Skipping.
2026-01-16 00:30:26,057 - Wordcloud - INFO - Could not place word 'massa' even at min font size 14. Skipping.
2026-01-16 00:30:26,057 - Wordcloud - INFO - Could not place word 'augue' even at min font size 14. Skipping.
2026-01-16 00:30:26,057 - Wordcloud - INFO - Could not place word 'sollicitudin' even at min font size 14. Skipping.
2026-01-16 00:30:26,057 - Wordcloud - INFO - Could not place word 'quisque' even at min font size 14. Skipping.
2026-01-16 00:30:26,057 - Wordcloud - INFO - Could not place word 'porta' even at min font size 14. Skipping.
2026-01-16 00:30:26,057 - Wordcloud - INFO - Could not place word 'justo' even at min font size 14. Skipping.
2026-01-16 00:30:26,057 - Wordcloud - INFO - Could not place word 'pharetra' even at min font size 14. Skipping.
2026-01-16 00:30:26,057 - Wordcloud - INFO - Could not place word 'feugiat' even at min font size 14. Skipping.
2026-01-16 00:30:26,057 - Wordcloud - INFO - Could not place word 'scelerisque' even at min font size 14. Skipping.
2026-01-16 00:30:26,057 - Wordcloud - INFO - Could not place word 'nisl' even at min font size 14. Skipping.
2026-01-16 00:30:26,057 - Wordcloud - INFO - Could not place word 'ornare' even at min font size 14. Skipping.
2026-01-16 00:30:26,057 - Wordcloud - INFO - Could not place word 'minim' even at min font size 14. Skipping.
2026-01-16 00:30:26,057 - Wordcloud - INFO - Could not place word 'nostrud' even at min font size 14. Skipping.
2026-01-16 00:30:26,057 - Wordcloud - INFO - Could not place word 'exercitation' even at min font size 14. Skipping.
2026-01-16 00:30:26,057 - Wordcloud - INFO - Could not place word 'ullamco' even at min font size 14. Skipping.
2026-01-16 00:30:26,057 - Wordcloud - INFO - Could not place word 'laboris' even at min font size 14. Skipping.
2026-01-16 00:30:26,057 - Wordcloud - INFO - Could not place word 'aliquip' even at min font size 14. Skipping.
2026-01-16 00:30:26,057 - Wordcloud - INFO - Could not place word 'duis' even at min font size 14. Skipping.
2026-01-16 00:30:26,057 - Wordcloud - INFO - Could not place word 'molestie' even at min font size 14. Skipping.
2026-01-16 00:30:26,057 - Wordcloud - INFO - Could not place word 'purus' even at min font size 14. Skipping.
2026-01-16 00:30:26,057 - Wordcloud - INFO - Could not place word 'congue' even at min font size 14. Skipping.
2026-01-16 00:30:26,057 - Wordcloud - INFO - Could not place word 'class' even at min font size 14. Skipping.
2026-01-16 00:30:26,057 - Wordcloud - INFO - Could not place word 'aptent' even at min font size 14. Skipping.
2026-01-16 00:30:26,057 - Wordcloud - INFO - Could not place word 'taciti' even at min font size 14. Skipping.
2026-01-16 00:30:26,057 - Wordcloud - INFO - Could not place word 'sociosqu' even at min font size 14. Skipping.
2026-01-16 00:30:26,057 - Wordcloud - INFO - Could not place word 'litora' even at min font size 14. Skipping.
2026-01-16 00:30:26,057 - Wordcloud - INFO - Could not place word 'torquent' even at min font size 14. Skipping.
2026-01-16 00:30:26,057 - Wordcloud - INFO - Could not place word 'conubia' even at min font size 14. Skipping.
2026-01-16 00:30:26,057 - Wordcloud - INFO - Could not place word 'nostra' even at min font size 14. Skipping.
2026-01-16 00:30:26,057 - Wordcloud - INFO - Could not place word 'inceptos' even at min font size 14. Skipping.
2026-01-16 00:30:26,057 - Wordcloud - INFO - Could not place word 'hymenaeos' even at min font size 14. Skipping.
2026-01-16 00:30:26,057 - Wordcloud - INFO - Could not place word 'odio' even at min font size 14. Skipping.
2026-01-16 00:30:26,057 - Wordcloud - INFO - Could not place word 'placerat' even at min font size 14. Skipping.
2026-01-16 00:30:26,057 - Wordcloud - INFO - Could not place word 'praesent' even at min font size 14. Skipping.
2026-01-16 00:30:26,057 - Wordcloud - INFO - Could not place word 'cursus' even at min font size 14. Skipping.
2026-01-16 00:30:26,057 - Wordcloud - INFO - Could not place word 'cras' even at min font size 14. Skipping.
2026-01-16 00:30:26,057 - Wordcloud - INFO - Could not place word 'neque' even at min font size 14. Skipping.
2026-01-16 00:30:26,057 - Wordcloud - INFO - Could not place word 'fringilla' even at min font size 14. Skipping.
2026-01-16 00:30:26,057 - Wordcloud - INFO - Could not place word 'donec' even at min font size 14. Skipping.
2026-01-16 00:30:26,057 - Wordcloud - INFO - Could not place word 'iaculis' even at min font size 14. Skipping.
2026-01-16 00:30:26,057 - Wordcloud - INFO - Could not place word 'egestas' even at min font size 14. Skipping.
2026-01-16 00:30:26,057 - Wordcloud - INFO - Could not place word 'ligula' even at min font size 14. Skipping.
2026-01-16 00:30:26,057 - Wordcloud - INFO - Could not place word 'facilisis' even at min font size 14. Skipping.
2026-01-16 00:30:26,057 - Wordcloud - INFO - Could not place word 'minima' even at min font size 14. Skipping.
2026-01-16 00:30:26,057 - Wordcloud - INFO - Could not place word 'nostrum' even at min font size 14. Skipping.
2026-01-16 00:30:26,057 - Wordcloud - INFO - Could not place word 'exercitationem' even at min font size 14. Skipping.
2026-01-16 00:30:26,057 - Wordcloud - INFO - Could not place word 'ullam' even at min font size 14. Skipping.
2026-01-16 00:30:26,057 - Wordcloud - INFO - Could not place word 'corporis' even at min font size 14. Skipping.
2026-01-16 00:30:26,057 - Wordcloud - INFO - Could not place word 'laboriosam' even at min font size 14. Skipping.
2026-01-16 00:30:26,057 - Wordcloud - INFO - Could not place word 'aliquid' even at min font size 14. Skipping.
2026-01-16 00:30:26,057 - Wordcloud - INFO - Could not place word 'commodi' even at min font size 14. Skipping.
2026-01-16 00:30:26,057 - Wordcloud - INFO - Could not place word 'consequatur' even at min font size 14. Skipping.
2026-01-16 00:30:26,057 - Wordcloud - INFO - Could not place word 'ultrices' even at min font size 14. Skipping.
2026-01-16 00:30:26,057 - Wordcloud - INFO - Could not place word 'nam' even at min font size 14. Skipping.
2026-01-16 00:30:26,057 - Wordcloud - INFO - Could not place word 'tempore' even at min font size 14. Skipping.
2026-01-16 00:30:26,057 - Wordcloud - INFO - Could not place word 'cum' even at min font size 14. Skipping.
2026-01-16 00:30:26,058 - Wordcloud - INFO - Could not place word 'soluta' even at min font size 14. Skipping.
2026-01-16 00:30:26,058 - Wordcloud - INFO - Could not place word 'nobis' even at min font size 14. Skipping.
2026-01-16 00:30:26,058 - Wordcloud - INFO - Could not place word 'eligendi' even at min font size 14. Skipping.
2026-01-16 00:30:26,058 - Wordcloud - INFO - Could not place word 'optio' even at min font size 14. Skipping.
2026-01-16 00:30:26,058 - Wordcloud - INFO - Could not place word 'cumque' even at min font size 14. Skipping.
2026-01-16 00:30:26,058 - Wordcloud - INFO - Could not place word 'nihil' even at min font size 14. Skipping.
2026-01-16 00:30:26,058 - Wordcloud - INFO - Could not place word 'impedit' even at min font size 14. Skipping.
2026-01-16 00:30:26,058 - Wordcloud - INFO - Could not place word 'quo' even at min font size 14. Skipping.
2026-01-16 00:30:26,058 - Wordcloud - INFO - Could not place word 'minus' even at min font size 14. Skipping.
2026-01-16 00:30:26,058 - Wordcloud - INFO - Could not place word 'quod' even at min font size 14. Skipping.
2026-01-16 00:30:26,058 - Wordcloud - INFO - Could not place word 'maxime' even at min font size 14. Skipping.
2026-01-16 00:30:26,058 - Wordcloud - INFO - Could not place word 'placeat' even at min font size 14. Skipping.
2026-01-16 00:30:26,058 - Wordcloud - INFO - Could not place word 'facere' even at min font size 14. Skipping.
2026-01-16 00:30:26,058 - Wordcloud - INFO - Could not place word 'possimus' even at min font size 14. Skipping.
2026-01-16 00:30:26,058 - Wordcloud - INFO - Could not place word 'voluptas' even at min font size 14. Skipping.
2026-01-16 00:30:26,058 - Wordcloud - INFO - Could not place word 'assumenda' even at min font size 14. Skipping.
2026-01-16 00:30:26,058 - Wordcloud - INFO - Could not place word 'repellendus' even at min font size 14. Skipping.
2026-01-16 00:30:26,058 - Wordcloud - INFO - Could not place word 'dictum' even at min font size 14. Skipping.
2026-01-16 00:30:26,058 - Wordcloud - INFO - Could not place word 'nunc' even at min font size 14. Skipping.
2026-01-16 00:30:26,058 - Wordcloud - INFO - Could not place word 'euismod' even at min font size 14. Skipping.
2026-01-16 00:30:26,058 - Wordcloud - INFO - Could not place word 'risus' even at min font size 14. Skipping.
2026-01-16 00:30:26,058 - Wordcloud - INFO - Successfully placed 63 words
2026-01-16 00:30:26,058 - Wordcloud - INFO - Wordcloud generation completed
2026-01-16 00:30:26,060 - wordcloud.utils.font_utils - INFO - FontCache initialized
2026-01-16 00:30:26,060 - wordcloud.utils.text_processing - INFO - TextProcessor initialized: min_word_length=3, max_words=200, language=None, stemming=False, lemmatization=False, n_gram_range=None
2026-01-16 00:30:26,060 - Wordcloud - INFO - Wordcloud initialized: 800x500, strategy='random', max_words=200, performance_tracking=False
2026-01-16 00:30:26,061 - Wordcloud - INFO - Starting wordcloud generation
2026-01-16 00:30:26,061 - Wordcloud - INFO - Preparing text (length: 3967 characters)
2026-01-16 00:30:26,068 - Wordcloud - INFO - Prepared 192 words for wordcloud
2026-01-16 00:30:26,068 - Wordcloud - INFO - Finding positions for 192 words using strategy 'random'
2026-01-16 00:30:26,069 - wordcloud.utils.integral_image - INFO - IntegralImage initialized: 800x500, tracing=False, mask=none
2026-01-16 00:30:36,393 - Wordcloud - INFO - Could not place word 'adipiscing' even at min font size 14. Skipping.
2026-01-16 00:30:36,394 - Wordcloud - INFO - Could not place word 'morbi' even at min font size 14. Skipping.
2026-01-16 00:30:36,394 - Wordcloud - INFO - Could not place word 'tristique' even at min font size 14. Skipping.
2026-01-16 00:30:36,394 - Wordcloud - INFO - Could not place word 'rhoncus' even at min font size 14. Skipping.
2026-01-16 00:30:36,394 - Wordcloud - INFO - Could not place word 'vulputate' even at min font size 14. Skipping.
2026-01-16 00:30:36,394 - Wordcloud - INFO - Could not place word 'nibh' even at min font size 14. Skipping.
2026-01-16 00:30:36,394 - Wordcloud - INFO - Could not place word 'imperdiet' even at min font size 14. Skipping.
2026-01-16 00:30:36,394 - Wordcloud - INFO - Could not place word 'commodo' even at min font size 14. Skipping.
2026-01-16 00:30:36,394 - Wordcloud - INFO - Could not place word 'suspendisse' even at min font size 14. Skipping.
2026-01-16 00:30:36,394 - Wordcloud - INFO - Could not place word 'wisi' even at min font size 14. Skipping.
2026-01-16 00:30:36,394 - Wordcloud - INFO - Could not place word 'lobortis' even at min font size 14. Skipping.
2026-01-16 00:30:36,394 - Wordcloud - INFO - Could not place word 'posuere' even at min font size 14. Skipping.
2026-01-16 00:30:36,394 - Wordcloud - INFO - Could not place word 'gravida' even at min font size 14. Skipping.
2026-01-16 00:30:36,394 - Wordcloud - INFO - Could not place word 'perspiciatis' even at min font size 14. Skipping.
2026-01-16 00:30:36,394 - Wordcloud - INFO - Could not place word 'unde' even at min font size 14. Skipping.
2026-01-16 00:30:36,394 - Wordcloud - INFO - Could not place word 'iste' even at min font size 14. Skipping.
2026-01-16 00:30:36,394 - Wordcloud - INFO - Could not place word 'natus' even at min font size 14. Skipping.
2026-01-16 00:30:36,394 - Wordcloud - INFO - Could not place word 'error' even at min font size 14. Skipping.
2026-01-16 00:30:36,394 - Wordcloud - INFO - Could not place word 'voluptatem' even at min font size 14. Skipping.
2026-01-16 00:30:36,394 - Wordcloud - INFO - Could not place word 'accusantium' even at min font size 14. Skipping.
2026-01-16 00:30:36,394 - Wordcloud - INFO - Could not place word 'doloremque' even at min font size 14. Skipping.
2026-01-16 00:30:36,394 - Wordcloud - INFO - Could not place word 'laudantium' even at min font size 14. Skipping.
2026-01-16 00:30:36,394 - Wordcloud - INFO - Could not place word 'totam' even at min font size 14. Skipping.
2026-01-16 00:30:36,394 - Wordcloud - INFO - Could not place word 'rem' even at min font size 14. Skipping.
2026-01-16 00:30:36,394 - Wordcloud - INFO - Could not place word 'aperiam' even at min font size 14. Skipping.
2026-01-16 00:30:36,394 - Wordcloud - INFO - Could not place word 'eaque' even at min font size 14. Skipping.
2026-01-16 00:30:36,394 - Wordcloud - INFO - Could not place word 'ipsa' even at min font size 14. Skipping.
2026-01-16 00:30:36,394 - Wordcloud - INFO - Could not place word 'quae' even at min font size 14. Skipping.
2026-01-16 00:30:36,394 - Wordcloud - INFO - Could not place word 'illo' even at min font size 14. Skipping.
2026-01-16 00:30:36,394 - Wordcloud - INFO - Could not place word 'inventore' even at min font size 14. Skipping.
2026-01-16 00:30:36,394 - Wordcloud - INFO - Could not place word 'veritatis' even at min font size 14. Skipping.
2026-01-16 00:30:36,394 - Wordcloud - INFO - Could not place word 'quasi' even at min font size 14. Skipping.
2026-01-16 00:30:36,394 - Wordcloud - INFO - Could not place word 'architecto' even at min font size 14. Skipping.
2026-01-16 00:30:36,394 - Wordcloud - INFO - Could not place word 'beatae' even at min font size 14. Skipping.
2026-01-16 00:30:36,394 - Wordcloud - INFO - Could not place word 'dicta' even at min font size 14. Skipping.
2026-01-16 00:30:36,394 - Wordcloud - INFO - Could not place word 'sunt' even at min font size 14. Skipping.
2026-01-16 00:30:36,394 - Wordcloud - INFO - Could not place word 'explicabo' even at min font size 14. Skipping.
2026-01-16 00:30:36,394 - Wordcloud - INFO - Could not place word 'veniam' even at min font size 14. Skipping.
2026-01-16 00:30:36,394 - Wordcloud - INFO - Could not place word 'nisi' even at min font size 14. Skipping.
2026-01-16 00:30:36,394 - Wordcloud - INFO - Could not place word 'venenatis' even at min font size 14. Skipping.
2026-01-16 00:30:36,394 - Wordcloud - INFO - Could not place word 'tincidunt' even at min font size 14. Skipping.
2026-01-16 00:30:36,394 - Wordcloud - INFO - Could not place word 'pede' even at min font size 14. Skipping.
2026-01-16 00:30:36,395 - Wordcloud - INFO - Could not place word 'per' even at min font size 14. Skipping.
2026-01-16 00:30:36,395 - Wordcloud - INFO - Could not place word 'metus' even at min font size 14. Skipping.
2026-01-16 00:30:36,395 - Wordcloud - INFO - Could not place word 'tellus' even at min font size 14. Skipping.
2026-01-16 00:30:36,395 - Wordcloud - INFO - Could not place word 'felis' even at min font size 14. Skipping.
2026-01-16 00:30:36,395 - Wordcloud - INFO - Could not place word 'varius' even at min font size 14. Skipping.
2026-01-16 00:30:36,395 - Wordcloud - INFO - Could not place word 'semper' even at min font size 14. Skipping.
2026-01-16 00:30:36,395 - Wordcloud - INFO - Could not place word 'mollis' even at min font size 14. Skipping.
2026-01-16 00:30:36,395 - Wordcloud - INFO - Could not place word 'curabitur' even at min font size 14. Skipping.
2026-01-16 00:30:36,395 - Wordcloud - INFO - Could not place word 'pretium' even at min font size 14. Skipping.
2026-01-16 00:30:36,395 - Wordcloud - INFO - Could not place word 'pulvinar' even at min font size 14. Skipping.
2026-01-16 00:30:36,395 - Wordcloud - INFO - Could not place word 'massa' even at min font size 14. Skipping.
2026-01-16 00:30:36,395 - Wordcloud - INFO - Could not place word 'augue' even at min font size 14. Skipping.
2026-01-16 00:30:36,395 - Wordcloud - INFO - Could not place word 'sollicitudin' even at min font size 14. Skipping.
2026-01-16 00:30:36,395 - Wordcloud - INFO - Could not place word 'quisque' even at min font size 14. Skipping.
2026-01-16 00:30:36,395 - Wordcloud - INFO - Could not place word 'porta' even at min font size 14. Skipping.
2026-01-16 00:30:36,395 - Wordcloud - INFO - Could not place word 'justo' even at min font size 14. Skipping.
2026-01-16 00:30:36,395 - Wordcloud - INFO - Could not place word 'pharetra' even at min font size 14. Skipping.
2026-01-16 00:30:36,395 - Wordcloud - INFO - Could not place word 'feugiat' even at min font size 14. Skipping.
2026-01-16 00:30:36,395 - Wordcloud - INFO - Could not place word 'scelerisque' even at min font size 14. Skipping.
2026-01-16 00:30:36,395 - Wordcloud - INFO - Could not place word 'nisl' even at min font size 14. Skipping.
2026-01-16 00:30:36,395 - Wordcloud - INFO - Could not place word 'ornare' even at min font size 14. Skipping.
2026-01-16 00:30:36,395 - Wordcloud - INFO - Could not place word 'minim' even at min font size 14. Skipping.
2026-01-16 00:30:36,395 - Wordcloud - INFO - Could not place word 'nostrud' even at min font size 14. Skipping.
2026-01-16 00:30:36,395 - Wordcloud - INFO - Could not place word 'exercitation' even at min font size 14. Skipping.
2026-01-16 00:30:36,395 - Wordcloud - INFO - Could not place word 'ullamco' even at min font size 14. Skipping.
2026-01-16 00:30:36,395 - Wordcloud - INFO - Could not place word 'laboris' even at min font size 14. Skipping.
2026-01-16 00:30:36,395 - Wordcloud - INFO - Could not place word 'aliquip' even at min font size 14. Skipping.
2026-01-16 00:30:36,395 - Wordcloud - INFO - Could not place word 'duis' even at min font size 14. Skipping.
2026-01-16 00:30:36,395 - Wordcloud - INFO - Could not place word 'molestie' even at min font size 14. Skipping.
2026-01-16 00:30:36,395 - Wordcloud - INFO - Could not place word 'purus' even at min font size 14. Skipping.
2026-01-16 00:30:36,395 - Wordcloud - INFO - Could not place word 'congue' even at min font size 14. Skipping.
2026-01-16 00:30:36,395 - Wordcloud - INFO - Could not place word 'class' even at min font size 14. Skipping.
2026-01-16 00:30:36,395 - Wordcloud - INFO - Could not place word 'aptent' even at min font size 14. Skipping.
2026-01-16 00:30:36,395 - Wordcloud - INFO - Could not place word 'taciti' even at min font size 14. Skipping.
2026-01-16 00:30:36,395 - Wordcloud - INFO - Could not place word 'sociosqu' even at min font size 14. Skipping.
2026-01-16 00:30:36,395 - Wordcloud - INFO - Could not place word 'litora' even at min font size 14. Skipping.
2026-01-16 00:30:36,395 - Wordcloud - INFO - Could not place word 'torquent' even at min font size 14. Skipping.
2026-01-16 00:30:36,395 - Wordcloud - INFO - Could not place word 'conubia' even at min font size 14. Skipping.
2026-01-16 00:30:36,395 - Wordcloud - INFO - Could not place word 'nostra' even at min font size 14. Skipping.
2026-01-16 00:30:36,395 - Wordcloud - INFO - Could not place word 'inceptos' even at min font size 14. Skipping.
2026-01-16 00:30:36,395 - Wordcloud - INFO - Could not place word 'hymenaeos' even at min font size 14. Skipping.
2026-01-16 00:30:36,395 - Wordcloud - INFO - Could not place word 'odio' even at min font size 14. Skipping.
2026-01-16 00:30:36,395 - Wordcloud - INFO - Could not place word 'placerat' even at min font size 14. Skipping.
2026-01-16 00:30:36,395 - Wordcloud - INFO - Could not place word 'praesent' even at min font size 14. Skipping.
2026-01-16 00:30:36,395 - Wordcloud - INFO - Could not place word 'cursus' even at min font size 14. Skipping.
2026-01-16 00:30:36,395 - Wordcloud - INFO - Could not place word 'cras' even at min font size 14. Skipping.
2026-01-16 00:30:36,395 - Wordcloud - INFO - Could not place word 'neque' even at min font size 14. Skipping.
2026-01-16 00:30:36,395 - Wordcloud - INFO - Could not place word 'fringilla' even at min font size 14. Skipping.
2026-01-16 00:30:36,395 - Wordcloud - INFO - Could not place word 'donec' even at min font size 14. Skipping.
2026-01-16 00:30:36,395 - Wordcloud - INFO - Could not place word 'iaculis' even at min font size 14. Skipping.
2026-01-16 00:30:36,395 - Wordcloud - INFO - Could not place word 'egestas' even at min font size 14. Skipping.
2026-01-16 00:30:36,395 - Wordcloud - INFO - Could not place word 'ligula' even at min font size 14. Skipping.
2026-01-16 00:30:36,395 - Wordcloud - INFO - Could not place word 'facilisis' even at min font size 14. Skipping.
2026-01-16 00:30:36,395 - Wordcloud - INFO - Could not place word 'minima' even at min font size 14. Skipping.
2026-01-16 00:30:36,395 - Wordcloud - INFO - Could not place word 'nostrum' even at min font size 14. Skipping.
2026-01-16 00:30:36,395 - Wordcloud - INFO - Could not place word 'exercitationem' even at min font size 14. Skipping.
2026-01-16 00:30:36,395 - Wordcloud - INFO - Could not place word 'ullam' even at min font size 14. Skipping.
2026-01-16 00:30:36,395 - Wordcloud - INFO - Could not place word 'corporis' even at min font size 14. Skipping.
2026-01-16 00:30:36,395 - Wordcloud - INFO - Could not place word 'laboriosam' even at min font size 14. Skipping.
2026-01-16 00:30:36,395 - Wordcloud - INFO - Could not place word 'aliquid' even at min font size 14. Skipping.
2026-01-16 00:30:36,395 - Wordcloud - INFO - Could not place word 'commodi' even at min font size 14. Skipping.
2026-01-16 00:30:36,395 - Wordcloud - INFO - Could not place word 'consequatur' even at min font size 14. Skipping.
2026-01-16 00:30:36,395 - Wordcloud - INFO - Could not place word 'ultrices' even at min font size 14. Skipping.
2026-01-16 00:30:36,395 - Wordcloud - INFO - Could not place word 'nam' even at min font size 14. Skipping.
2026-01-16 00:30:36,395 - Wordcloud - INFO - Could not place word 'tempore' even at min font size 14. Skipping.
2026-01-16 00:30:36,395 - Wordcloud - INFO - Could not place word 'cum' even at min font size 14. Skipping.
2026-01-16 00:30:36,395 - Wordcloud - INFO - Could not place word 'soluta' even at min font size 14. Skipping.
2026-01-16 00:30:36,395 - Wordcloud - INFO - Could not place word 'nobis' even at min font size 14. Skipping.
2026-01-16 00:30:36,395 - Wordcloud - INFO - Could not place word 'eligendi' even at min font size 14. Skipping.
2026-01-16 00:30:36,395 - Wordcloud - INFO - Could not place word 'optio' even at min font size 14. Skipping.
2026-01-16 00:30:36,395 - Wordcloud - INFO - Could not place word 'cumque' even at min font size 14. Skipping.
2026-01-16 00:30:36,395 - Wordcloud - INFO - Could not place word 'nihil' even at min font size 14. Skipping.
2026-01-16 00:30:36,395 - Wordcloud - INFO - Could not place word 'impedit' even at min font size 14. Skipping.
2026-01-16 00:30:36,395 - Wordcloud - INFO - Could not place word 'quo' even at min font size 14. Skipping.
2026-01-16 00:30:36,395 - Wordcloud - INFO - Could not place word 'minus' even at min font size 14. Skipping.
2026-01-16 00:30:36,396 - Wordcloud - INFO - Could not place word 'quod' even at min font size 14. Skipping.
2026-01-16 00:30:36,396 - Wordcloud - INFO - Could not place word 'maxime' even at min font size 14. Skipping.
2026-01-16 00:30:36,396 - Wordcloud - INFO - Could not place word 'placeat' even at min font size 14. Skipping.
2026-01-16 00:30:36,396 - Wordcloud - INFO - Could not place word 'facere' even at min font size 14. Skipping.
2026-01-16 00:30:36,396 - Wordcloud - INFO - Could not place word 'possimus' even at min font size 14. Skipping.
2026-01-16 00:30:36,396 - Wordcloud - INFO - Could not place word 'voluptas' even at min font size 14. Skipping.
2026-01-16 00:30:36,396 - Wordcloud - INFO - Could not place word 'assumenda' even at min font size 14. Skipping.
2026-01-16 00:30:36,396 - Wordcloud - INFO - Could not place word 'repellendus' even at min font size 14. Skipping.
2026-01-16 00:30:36,396 - Wordcloud - INFO - Could not place word 'dictum' even at min font size 14. Skipping.
2026-01-16 00:30:36,396 - Wordcloud - INFO - Could not place word 'nunc' even at min font size 14. Skipping.
2026-01-16 00:30:36,396 - Wordcloud - INFO - Could not place word 'euismod' even at min font size 14. Skipping.
2026-01-16 00:30:36,396 - Wordcloud - INFO - Could not place word 'risus' even at min font size 14. Skipping.
2026-01-16 00:30:36,396 - Wordcloud - INFO - Successfully placed 63 words
2026-01-16 00:30:36,396 - Wordcloud - INFO - Wordcloud generation completed
Benchmark: rotation overhead (single run each)

prefer_horizontal=1.0   10.8237s
prefer_horizontal=0.9   10.6218s
prefer_horizontal=0.7   10.3056s
prefer_horizontal=0.5   10.3361s
